// Jest Snapshot v1, https://goo.gl/fbAQLP

exports[`renders Applications page with one active app 1`] = `
<div>
  <h2
    style={
      Object {
        "marginLeft": "16px",
      }
    }
  >
    Currently active Applications
  </h2>
  <div
    className="Applications"
  >
    <div>
      <div
        className="Card"
      >
        <div
          className="image"
          style={
            Object {
              "backgroundImage": "url(https://images.pexels.com/photos/63703/pexels-photo-63703.jpeg?w=1260&h=750&auto=compress&cs=tinysrgb)",
            }
          }
        />
        <div
          className="flex"
        >
          <div
            className="content"
          >
            <div
              className="CardHeader"
            >
              <div
                className="line"
                style={
                  Object {
                    "backgroundColor": "#5c00f3",
                  }
                }
              />
              <div
                className="SwitchButton"
              >
                <label
                  style={
                    Object {
                      "color": "#5c00f3",
                    }
                  }
                >
                  ENABLED
                </label>
                <div
                  className=""
                  id="switch-container"
                  onClick={[Function]}
                >
                  <div
                    className=""
                    id="background"
                    style={
                      Object {
                        "backgroundColor": "#5c00f3",
                      }
                    }
                  />
                  <div
                    className=""
                    id="cursor"
                    style={
                      Object {
                        "transform": "translate3d(26px, 0, 0)",
                      }
                    }
                  />
                </div>
              </div>
            </div>
            <h1>
              Qwant Music
            </h1>
            <p
              className="description"
            >
              Lorem ipsum dolor sit amet, consectetur adipiscing elit, sed do eiusmod tempor incididunt ut labore.
            </p>
          </div>
        </div>
      </div>
      <div
        id="separator"
        style={
          Object {
            "marginTop": "16px",
          }
        }
      />
    </div>
  </div>
  <h2
    style={
      Object {
        "marginLeft": "16px",
      }
    }
  >
    Currently connected to your Masq
  </h2>
  <div
    className="Applications"
  />
</div>
`;

exports[`renders Applications page with one inactive app 1`] = `
<div>
  <h2
    style={
      Object {
        "marginLeft": "16px",
      }
    }
  >
    Currently active Applications
  </h2>
  <div
    className="Applications"
  />
  <h2
    style={
      Object {
        "marginLeft": "16px",
      }
    }
  >
    Currently connected to your Masq
  </h2>
  <div
    className="Applications"
  >
    <div>
      <div
        className="Card"
      >
        <div
          className="image"
          style={
            Object {
              "backgroundImage": "url(https://images.pexels.com/photos/63703/pexels-photo-63703.jpeg?w=1260&h=750&auto=compress&cs=tinysrgb)",
            }
          }
        />
        <div
          className="flex"
        >
          <div
            className="content"
          >
            <div
              className="CardHeader"
            >
              <div
                className="line"
                style={
                  Object {
                    "backgroundColor": "#5c00f3",
                  }
                }
              />
              <div
                className="SwitchButton"
              >
                <label
                  style={
                    Object {
                      "color": "#5c00f3",
                    }
                  }
                >
                  ENABLED
                </label>
                <div
                  className=""
                  id="switch-container"
                  onClick={[Function]}
                >
                  <div
                    className=""
                    id="background"
                    style={
                      Object {
                        "backgroundColor": "#5c00f3",
                      }
                    }
                  />
                  <div
                    className=""
                    id="cursor"
                    style={
                      Object {
                        "transform": "translate3d(26px, 0, 0)",
                      }
                    }
                  />
                </div>
              </div>
            </div>
            <h1>
              Qwant Music
            </h1>
            <p
              className="description"
            >
              Lorem ipsum dolor sit amet, consectetur adipiscing elit, sed do eiusmod tempor incididunt ut labore.
            </p>
          </div>
        </div>
      </div>
      <div
        id="separator"
        style={
          Object {
            "marginTop": "16px",
          }
        }
      />
    </div>
  </div>
</div>
`;
